d = (a + b) * (c - b) / (a - b - c) - (1) - ((2)) / 2 / 2 / 2 + a * b * c
