z = 10
u = 10 + ((1 * (5)))
t = 5 * 5 + 6 * 6 * (3 + 3) / 24
t = p
