a = 1
w = 1
j = b
m = w
y = r
z = e
b = a
w = 3
x = q
q = 9
